2026-02-02 19:01:07,391 - root - INFO - ================================================================================
2026-02-02 19:01:07,391 - root - INFO - MLM TRAINING PIPELINE
2026-02-02 19:01:07,392 - root - INFO - ================================================================================
2026-02-02 19:01:07,392 - root - INFO - Model: microsoft/deberta-v3-base
2026-02-02 19:01:07,392 - root - INFO - Data Directory: data/books
2026-02-02 19:01:07,392 - root - INFO - Output Directory: results\training-deberta-v3-base-20260202-1901
2026-02-02 19:01:07,392 - root - INFO - ================================================================================
2026-02-02 19:01:07,393 - root - INFO - 
================================================================================
2026-02-02 19:01:07,393 - root - INFO - STEP 1: PREPARING DATASET
2026-02-02 19:01:07,393 - root - INFO - ================================================================================

2026-02-02 19:01:07,393 - root - INFO - ================================================================================
2026-02-02 19:01:07,393 - root - INFO - Starting MLM Dataset Preparation
2026-02-02 19:01:07,393 - root - INFO - ================================================================================
2026-02-02 19:01:07,393 - root - INFO - Loading tokenizer from: models\deberta-v3-base
2026-02-02 19:01:07,591 - root - INFO - Reading documents from: data/books
2026-02-02 19:01:10,992 - root - INFO - Successfully read 9 files
2026-02-02 19:01:10,992 - root - INFO - Total chunks available: 2429
2026-02-02 19:01:11,018 - root - INFO - Splitting dataset (test_split=0.1)
2026-02-02 19:01:11,021 - root - INFO - Tokenizing dataset...
2026-02-02 19:01:26,641 - root - INFO - Training samples: 2186
2026-02-02 19:01:26,642 - root - INFO - Test samples: 243
2026-02-02 19:01:26,642 - root - INFO - Max sequence length: 512
2026-02-02 19:01:26,642 - root - INFO - Dataset preparation completed in 0:00:19.249182
2026-02-02 19:01:26,642 - root - INFO - ================================================================================
2026-02-02 19:01:26,645 - root - INFO -   Training samples: 2186
2026-02-02 19:01:26,645 - root - INFO -   Test samples: 243
2026-02-02 19:01:26,645 - root - INFO - 
================================================================================
2026-02-02 19:01:26,645 - root - INFO - STEP 2: SETTING UP MODEL
2026-02-02 19:01:26,645 - root - INFO - ================================================================================

2026-02-02 19:01:26,645 - root - INFO - ================================================================================
2026-02-02 19:01:26,645 - root - INFO - Setting up model for MLM training
2026-02-02 19:01:26,645 - root - INFO - ================================================================================
2026-02-02 19:01:26,645 - root - INFO - Loading model without quantization (on CPU first)
2026-02-02 19:01:26,698 - root - INFO - Model loaded on CPU
2026-02-02 19:01:26,698 - root - INFO - Applying LoRA configuration on CPU
2026-02-02 19:01:26,698 - root - INFO - Auto-detected target modules: ['query', 'key', 'value', 'dense']
2026-02-02 19:01:27,432 - root - INFO - LoRA applied successfully on CPU
2026-02-02 19:01:27,432 - root - INFO - Keeping model on CPU (RTX 5090 sm_120 lacks required CUDA kernels)
2026-02-02 19:01:27,432 - root - INFO - Note: Training will use CPU. For GPU training, wait for PyTorch with full sm_120 support.
2026-02-02 19:01:27,432 - root - INFO - ================================================================================
2026-02-02 19:01:27,433 - root - INFO -   Quantized: False
2026-02-02 19:01:27,433 - root - INFO -   Using LoRA: True
2026-02-02 19:01:27,433 - root - INFO - 
================================================================================
2026-02-02 19:01:27,433 - root - INFO - STEP 3: TRAINING MODEL
2026-02-02 19:01:27,433 - root - INFO - ================================================================================

2026-02-02 19:01:27,434 - root - INFO - ================================================================================
2026-02-02 19:01:27,434 - root - INFO - Starting MLM Training
2026-02-02 19:01:27,434 - root - INFO - ================================================================================
2026-02-02 19:01:27,436 - root - INFO - Training configuration:
2026-02-02 19:01:27,436 - root - INFO -   Epochs: 10
2026-02-02 19:01:27,436 - root - INFO -   Batch size: 8
2026-02-02 19:01:27,436 - root - INFO -   Learning rate: 0.0002
2026-02-02 19:01:27,437 - root - INFO -   MLM probability: 0.15
2026-02-02 19:01:27,437 - root - INFO -   Gradient accumulation: 4
2026-02-02 19:01:27,437 - root - INFO -   Effective batch size: 32
2026-02-02 19:01:27,437 - root - INFO -   FP16: False
2026-02-02 19:01:27,518 - root - INFO - Starting training...
