2026-02-02 18:41:37,109 - root - INFO - ================================================================================
2026-02-02 18:41:37,110 - root - INFO - MLM TRAINING PIPELINE
2026-02-02 18:41:37,110 - root - INFO - ================================================================================
2026-02-02 18:41:37,110 - root - INFO - Model: microsoft/deberta-v3-base
2026-02-02 18:41:37,110 - root - INFO - Data Directory: data/books
2026-02-02 18:41:37,110 - root - INFO - Output Directory: results\training-deberta-v3-base-20260202-1841
2026-02-02 18:41:37,110 - root - INFO - ================================================================================
2026-02-02 18:41:37,112 - root - INFO - 
================================================================================
2026-02-02 18:41:37,112 - root - INFO - STEP 1: PREPARING DATASET
2026-02-02 18:41:37,112 - root - INFO - ================================================================================

2026-02-02 18:41:37,112 - root - INFO - ================================================================================
2026-02-02 18:41:37,112 - root - INFO - Starting MLM Dataset Preparation
2026-02-02 18:41:37,112 - root - INFO - ================================================================================
2026-02-02 18:41:37,112 - root - INFO - Loading tokenizer from: models\deberta-v3-base
2026-02-02 18:41:37,307 - root - INFO - Reading documents from: data/books
2026-02-02 18:41:40,520 - root - INFO - Successfully read 10 files
2026-02-02 18:41:40,520 - root - INFO - Total chunks available: 2429
2026-02-02 18:41:40,549 - root - INFO - Splitting dataset (test_split=0.1)
2026-02-02 18:41:40,558 - root - INFO - Tokenizing dataset...
2026-02-02 18:41:54,686 - root - INFO - Training samples: 2186
2026-02-02 18:41:54,686 - root - INFO - Test samples: 243
2026-02-02 18:41:54,686 - root - INFO - Max sequence length: 512
2026-02-02 18:41:54,687 - root - INFO - Dataset preparation completed in 0:00:17.574554
2026-02-02 18:41:54,687 - root - INFO - ================================================================================
2026-02-02 18:41:54,854 - root - INFO -   Training samples: 2186
2026-02-02 18:41:54,854 - root - INFO -   Test samples: 243
2026-02-02 18:41:54,854 - root - INFO - 
================================================================================
2026-02-02 18:41:54,854 - root - INFO - STEP 2: SETTING UP MODEL
2026-02-02 18:41:54,854 - root - INFO - ================================================================================

2026-02-02 18:41:54,855 - root - INFO - ================================================================================
2026-02-02 18:41:54,855 - root - INFO - Setting up model for MLM training
2026-02-02 18:41:54,855 - root - INFO - ================================================================================
2026-02-02 18:41:54,855 - root - INFO - Configuring quantization: 4-bit=True, 8-bit=False
2026-02-02 18:41:56,223 - accelerate.utils.modeling - INFO - We will use 90% of the memory on device 0 for storing the model, and 10% for the buffer to avoid OOM. You can set `max_memory` in to a higher value to use more memory (at your own risk).
