2026-02-02 18:56:26,930 - root - INFO - ================================================================================
2026-02-02 18:56:26,930 - root - INFO - MLM TRAINING PIPELINE
2026-02-02 18:56:26,930 - root - INFO - ================================================================================
2026-02-02 18:56:26,930 - root - INFO - Model: microsoft/deberta-v3-base
2026-02-02 18:56:26,930 - root - INFO - Data Directory: data/books
2026-02-02 18:56:26,930 - root - INFO - Output Directory: results\training-deberta-v3-base-20260202-1856
2026-02-02 18:56:26,930 - root - INFO - ================================================================================
2026-02-02 18:56:26,943 - root - INFO - 
================================================================================
2026-02-02 18:56:26,943 - root - INFO - STEP 1: PREPARING DATASET
2026-02-02 18:56:26,943 - root - INFO - ================================================================================

2026-02-02 18:56:26,943 - root - INFO - ================================================================================
2026-02-02 18:56:26,943 - root - INFO - Starting MLM Dataset Preparation
2026-02-02 18:56:26,943 - root - INFO - ================================================================================
2026-02-02 18:56:26,943 - root - INFO - Loading tokenizer from: models\deberta-v3-base
2026-02-02 18:56:27,146 - root - INFO - Reading documents from: data/books
2026-02-02 18:56:30,541 - root - INFO - Successfully read 9 files
2026-02-02 18:56:30,541 - root - INFO - Total chunks available: 2429
2026-02-02 18:56:30,568 - root - INFO - Splitting dataset (test_split=0.1)
2026-02-02 18:56:30,570 - root - INFO - Tokenizing dataset...
2026-02-02 18:56:46,529 - root - INFO - Training samples: 2186
2026-02-02 18:56:46,530 - root - INFO - Test samples: 243
2026-02-02 18:56:46,530 - root - INFO - Max sequence length: 512
2026-02-02 18:56:46,530 - root - INFO - Dataset preparation completed in 0:00:19.586701
2026-02-02 18:56:46,530 - root - INFO - ================================================================================
2026-02-02 18:56:46,533 - root - INFO -   Training samples: 2186
2026-02-02 18:56:46,533 - root - INFO -   Test samples: 243
2026-02-02 18:56:46,533 - root - INFO - 
================================================================================
2026-02-02 18:56:46,533 - root - INFO - STEP 2: SETTING UP MODEL
2026-02-02 18:56:46,533 - root - INFO - ================================================================================

2026-02-02 18:56:46,533 - root - INFO - ================================================================================
2026-02-02 18:56:46,533 - root - INFO - Setting up model for MLM training
2026-02-02 18:56:46,533 - root - INFO - ================================================================================
2026-02-02 18:56:46,533 - root - INFO - Loading model without quantization (on CPU first)
2026-02-02 18:56:46,584 - root - INFO - Model loaded on CPU
2026-02-02 18:56:46,584 - root - INFO - Applying LoRA configuration on CPU
2026-02-02 18:56:46,584 - root - INFO - Auto-detected target modules: ['query', 'key', 'value', 'dense']
2026-02-02 18:56:47,379 - root - INFO - LoRA applied successfully on CPU
2026-02-02 18:56:47,379 - root - INFO - Moving model to GPU (keeping FP32 for RTX 5090 sm_120 compatibility)...
2026-02-02 18:56:47,909 - root - INFO - Model moved to GPU successfully (FP32): NVIDIA GeForce RTX 5090 Laptop GPU
2026-02-02 18:56:47,909 - root - INFO - ================================================================================
2026-02-02 18:56:47,910 - root - INFO -   Quantized: False
2026-02-02 18:56:47,910 - root - INFO -   Using LoRA: True
2026-02-02 18:56:47,911 - root - INFO - 
================================================================================
2026-02-02 18:56:47,911 - root - INFO - STEP 3: TRAINING MODEL
2026-02-02 18:56:47,911 - root - INFO - ================================================================================

2026-02-02 18:56:47,911 - root - INFO - ================================================================================
2026-02-02 18:56:47,911 - root - INFO - Starting MLM Training
2026-02-02 18:56:47,911 - root - INFO - ================================================================================
2026-02-02 18:56:47,967 - root - INFO - Training configuration:
2026-02-02 18:56:47,968 - root - INFO -   Epochs: 10
2026-02-02 18:56:47,968 - root - INFO -   Batch size: 8
2026-02-02 18:56:47,968 - root - INFO -   Learning rate: 0.0002
2026-02-02 18:56:47,968 - root - INFO -   MLM probability: 0.15
2026-02-02 18:56:47,968 - root - INFO -   Gradient accumulation: 4
2026-02-02 18:56:47,968 - root - INFO -   Effective batch size: 32
2026-02-02 18:56:47,968 - root - INFO -   FP16: False
2026-02-02 18:56:48,148 - root - INFO - Starting training...
