2026-02-02 18:54:42,513 - root - INFO - ================================================================================
2026-02-02 18:54:42,514 - root - INFO - MLM TRAINING PIPELINE
2026-02-02 18:54:42,514 - root - INFO - ================================================================================
2026-02-02 18:54:42,514 - root - INFO - Model: microsoft/deberta-v3-base
2026-02-02 18:54:42,514 - root - INFO - Data Directory: data/books
2026-02-02 18:54:42,514 - root - INFO - Output Directory: results\training-deberta-v3-base-20260202-1854
2026-02-02 18:54:42,514 - root - INFO - ================================================================================
2026-02-02 18:54:42,514 - root - INFO - 
================================================================================
2026-02-02 18:54:42,514 - root - INFO - STEP 1: PREPARING DATASET
2026-02-02 18:54:42,514 - root - INFO - ================================================================================

2026-02-02 18:54:42,514 - root - INFO - ================================================================================
2026-02-02 18:54:42,514 - root - INFO - Starting MLM Dataset Preparation
2026-02-02 18:54:42,514 - root - INFO - ================================================================================
2026-02-02 18:54:42,514 - root - INFO - Loading tokenizer from: models\deberta-v3-base
2026-02-02 18:54:42,718 - root - INFO - Reading documents from: data/books
2026-02-02 18:54:46,111 - root - INFO - Successfully read 9 files
2026-02-02 18:54:46,111 - root - INFO - Total chunks available: 2429
2026-02-02 18:54:46,137 - root - INFO - Splitting dataset (test_split=0.1)
2026-02-02 18:54:46,140 - root - INFO - Tokenizing dataset...
2026-02-02 18:55:01,861 - root - INFO - Training samples: 2186
2026-02-02 18:55:01,861 - root - INFO - Test samples: 243
2026-02-02 18:55:01,861 - root - INFO - Max sequence length: 512
2026-02-02 18:55:01,861 - root - INFO - Dataset preparation completed in 0:00:19.346659
2026-02-02 18:55:01,861 - root - INFO - ================================================================================
2026-02-02 18:55:01,864 - root - INFO -   Training samples: 2186
2026-02-02 18:55:01,864 - root - INFO -   Test samples: 243
2026-02-02 18:55:01,864 - root - INFO - 
================================================================================
2026-02-02 18:55:01,864 - root - INFO - STEP 2: SETTING UP MODEL
2026-02-02 18:55:01,864 - root - INFO - ================================================================================

2026-02-02 18:55:01,864 - root - INFO - ================================================================================
2026-02-02 18:55:01,864 - root - INFO - Setting up model for MLM training
2026-02-02 18:55:01,864 - root - INFO - ================================================================================
2026-02-02 18:55:01,864 - root - INFO - Loading model without quantization (on CPU first)
2026-02-02 18:55:01,919 - root - INFO - Model loaded on CPU
2026-02-02 18:55:01,919 - root - INFO - Applying LoRA configuration on CPU
2026-02-02 18:55:01,919 - root - INFO - Auto-detected target modules: ['query', 'key', 'value', 'dense']
2026-02-02 18:55:02,655 - root - INFO - LoRA applied successfully on CPU
2026-02-02 18:55:02,655 - root - INFO - Moving model to GPU (keeping FP32 for RTX 5090 sm_120 compatibility)...
2026-02-02 18:55:03,140 - root - INFO - Model moved to GPU successfully (FP32): NVIDIA GeForce RTX 5090 Laptop GPU
2026-02-02 18:55:03,140 - root - INFO - ================================================================================
2026-02-02 18:55:03,141 - root - INFO -   Quantized: False
2026-02-02 18:55:03,142 - root - INFO -   Using LoRA: True
2026-02-02 18:55:03,142 - root - INFO - 
================================================================================
2026-02-02 18:55:03,142 - root - INFO - STEP 3: TRAINING MODEL
2026-02-02 18:55:03,142 - root - INFO - ================================================================================

2026-02-02 18:55:03,142 - root - INFO - ================================================================================
2026-02-02 18:55:03,142 - root - INFO - Starting MLM Training
2026-02-02 18:55:03,142 - root - INFO - ================================================================================
