2026-02-02 18:48:27,338 - root - INFO - ================================================================================
2026-02-02 18:48:27,338 - root - INFO - MLM TRAINING PIPELINE
2026-02-02 18:48:27,338 - root - INFO - ================================================================================
2026-02-02 18:48:27,339 - root - INFO - Model: microsoft/deberta-v3-base
2026-02-02 18:48:27,339 - root - INFO - Data Directory: data/books
2026-02-02 18:48:27,339 - root - INFO - Output Directory: results\training-deberta-v3-base-20260202-1848
2026-02-02 18:48:27,339 - root - INFO - ================================================================================
2026-02-02 18:48:27,340 - root - INFO - 
================================================================================
2026-02-02 18:48:27,340 - root - INFO - STEP 1: PREPARING DATASET
2026-02-02 18:48:27,340 - root - INFO - ================================================================================

2026-02-02 18:48:27,341 - root - INFO - ================================================================================
2026-02-02 18:48:27,341 - root - INFO - Starting MLM Dataset Preparation
2026-02-02 18:48:27,341 - root - INFO - ================================================================================
2026-02-02 18:48:27,341 - root - INFO - Loading tokenizer from: models\deberta-v3-base
2026-02-02 18:48:27,551 - root - INFO - Reading documents from: data/books
2026-02-02 18:48:31,148 - root - INFO - Successfully read 10 files
2026-02-02 18:48:31,148 - root - INFO - Total chunks available: 2429
2026-02-02 18:48:31,175 - root - INFO - Splitting dataset (test_split=0.1)
2026-02-02 18:48:31,178 - root - INFO - Tokenizing dataset...
2026-02-02 18:48:47,241 - root - INFO - Training samples: 2186
2026-02-02 18:48:47,241 - root - INFO - Test samples: 243
2026-02-02 18:48:47,242 - root - INFO - Max sequence length: 512
2026-02-02 18:48:47,242 - root - INFO - Dataset preparation completed in 0:00:19.901036
2026-02-02 18:48:47,242 - root - INFO - ================================================================================
2026-02-02 18:48:47,247 - root - INFO -   Training samples: 2186
2026-02-02 18:48:47,247 - root - INFO -   Test samples: 243
2026-02-02 18:48:47,247 - root - INFO - 
================================================================================
2026-02-02 18:48:47,248 - root - INFO - STEP 2: SETTING UP MODEL
2026-02-02 18:48:47,248 - root - INFO - ================================================================================

2026-02-02 18:48:47,249 - root - INFO - ================================================================================
2026-02-02 18:48:47,249 - root - INFO - Setting up model for MLM training
2026-02-02 18:48:47,249 - root - INFO - ================================================================================
2026-02-02 18:48:47,249 - root - INFO - Loading model without quantization
2026-02-02 18:48:47,644 - root - INFO - Model moved to GPU: NVIDIA GeForce RTX 5090 Laptop GPU
2026-02-02 18:48:47,644 - root - INFO - Applying LoRA configuration
2026-02-02 18:48:47,645 - root - INFO - Auto-detected target modules: ['query', 'key', 'value', 'dense']
