2026-02-04 11:24:35,582 - root - INFO - ================================================================================
2026-02-04 11:24:35,582 - root - INFO - MLM TRAINING PIPELINE
2026-02-04 11:24:35,583 - root - INFO - ================================================================================
2026-02-04 11:24:35,583 - root - INFO - Model: microsoft/deberta-v3-base
2026-02-04 11:24:35,583 - root - INFO - Data Directory: data/books
2026-02-04 11:24:35,583 - root - INFO - Output Directory: results\training-deberta-v3-base-20260204-1124
2026-02-04 11:24:35,583 - root - INFO - ================================================================================
2026-02-04 11:24:35,585 - root - INFO - 
================================================================================
2026-02-04 11:24:35,585 - root - INFO - STEP 1: PREPARING DATASET
2026-02-04 11:24:35,585 - root - INFO - ================================================================================

2026-02-04 11:24:35,585 - root - INFO - ================================================================================
2026-02-04 11:24:35,585 - root - INFO - Starting MLM Dataset Preparation
2026-02-04 11:24:35,585 - root - INFO - ================================================================================
2026-02-04 11:24:35,585 - root - INFO - Loading tokenizer from: models\deberta-v3-base
2026-02-04 11:24:35,814 - root - INFO - Reading documents from: data/books
2026-02-04 11:24:41,832 - root - INFO - Successfully read 22 files
2026-02-04 11:24:41,832 - root - INFO - Total chunks available: 5394
2026-02-04 11:24:41,891 - root - INFO - Splitting dataset (test_split=0.1)
2026-02-04 11:24:41,894 - root - INFO - Tokenizing dataset...
2026-02-04 11:24:59,209 - root - INFO - Training samples: 4854
2026-02-04 11:24:59,209 - root - INFO - Test samples: 540
2026-02-04 11:24:59,209 - root - INFO - Max sequence length: 512
2026-02-04 11:24:59,210 - root - INFO - Dataset preparation completed in 0:00:23.624430
2026-02-04 11:24:59,210 - root - INFO - ================================================================================
2026-02-04 11:24:59,240 - root - INFO -   Training samples: 4854
2026-02-04 11:24:59,240 - root - INFO -   Test samples: 540
2026-02-04 11:24:59,240 - root - INFO - 
================================================================================
2026-02-04 11:24:59,240 - root - INFO - STEP 2: SETTING UP MODEL
2026-02-04 11:24:59,240 - root - INFO - ================================================================================

2026-02-04 11:24:59,241 - root - INFO - ================================================================================
2026-02-04 11:24:59,241 - root - INFO - Setting up model for MLM training
2026-02-04 11:24:59,241 - root - INFO - ================================================================================
2026-02-04 11:24:59,241 - root - INFO - Loading model without quantization (on CPU first)
2026-02-04 11:24:59,311 - root - INFO - Model loaded on CPU
2026-02-04 11:24:59,312 - root - INFO - Applying LoRA configuration on CPU
2026-02-04 11:24:59,312 - root - INFO - Auto-detected target modules: ['query', 'key', 'value', 'dense']
2026-02-04 11:25:00,363 - root - INFO - LoRA applied successfully on CPU
2026-02-04 11:25:00,363 - root - INFO - Keeping model on CPU (RTX 5090 sm_120 lacks required CUDA kernels)
2026-02-04 11:25:00,363 - root - INFO - Note: Training will use CPU. For GPU training, wait for PyTorch with full sm_120 support.
2026-02-04 11:25:00,364 - root - INFO - ================================================================================
2026-02-04 11:25:00,365 - root - INFO -   Quantized: False
2026-02-04 11:25:00,365 - root - INFO -   Using LoRA: True
2026-02-04 11:25:00,365 - root - INFO - 
================================================================================
2026-02-04 11:25:00,365 - root - INFO - STEP 3: TRAINING MODEL
2026-02-04 11:25:00,365 - root - INFO - ================================================================================

2026-02-04 11:25:00,365 - root - INFO - ================================================================================
2026-02-04 11:25:00,365 - root - INFO - Starting MLM Training
2026-02-04 11:25:00,365 - root - INFO - ================================================================================
2026-02-04 11:25:00,366 - root - INFO - Training configuration:
2026-02-04 11:25:00,366 - root - INFO -   Epochs: 10
2026-02-04 11:25:00,366 - root - INFO -   Batch size: 8
2026-02-04 11:25:00,366 - root - INFO -   Learning rate: 0.0002
2026-02-04 11:25:00,366 - root - INFO -   MLM probability: 0.15
2026-02-04 11:25:00,366 - root - INFO -   Gradient accumulation: 4
2026-02-04 11:25:00,367 - root - INFO -   Effective batch size: 32
2026-02-04 11:25:00,367 - root - INFO -   FP16: False
2026-02-04 11:25:00,569 - root - INFO - Starting training...
